[34mWhatever goes upon two legs is an[0m      [44m[37m-[39;49m                                       
[34menemy.[39m                                                                         
[34mWhatever goes upon four legs, or has[0m   [44m[37m-[39;49m                                       
[34mwings, is a friend.[39m                                                            
[34mNo animal shall wear clothes.[39m          [44m[37m-[39;49m                                       
                                       [41m[37m+[39;49m [31mFour legs good, two legs better.[39m      
No animal shall sleep in a bed.        [41m[37m+[39;49m No animal shall sleep in a bed[31m [39m[31mwithout[39m[31m[0m
                                         [31m[39m[31msheets[39m.                               
No animal shall drink alcohol.         [41m[37m+[39;49m No animal shall drink alcohol[31m [39m[31mto[0m      
                                         [31m[39m[31mexcess[39m.                               
No animal shall kill any other animal. [41m[37m+[39;49m No animal shall kill any other animal[0m 
                                         [31m[39m[31mwithout[39m[31m [39m[31mcause[39m.                        
All animals are equal.                 [41m[37m+[39;49m All animals are equal[31m [39m[31mbut[39m[31m [39m[31msome[39m[31m [39m[31mare[0m    
                                         [31m[39m[31mmore[39m[31m [39m[31mequal[39m[31m [39m[31mthan[39m[31m [39m[31mothers[39m.               