Three Rings for the Elven-kings under  =  Three Rings for the Elven-kings under 
the sky,                                  the sky,                              
Seven for the Dwarf-lords in their     =  Seven for the Dwarf-lords in their    
halls of stone,                           halls of stone,                       
Nine for Mortal Men doomed to die,     =  Nine for Mortal Men doomed to die,    
One for the [34mLight[39m Lord on his [34mlight[39m    [41m[37m<>[39;49m One for the [31mDark[39m Lord on his [31mdark[39m     
throne                                    throne                                
In the Land of Mordor where the [34mLights[39m [41m[37m<>[39;49m In the Land of Mordor where the       
[34mshine[39m.                                    [31mShadows[39m [31mlie[39m.                          
One Ring to [34mserve[39m them all, One Ring   [41m[37m<>[39;49m One Ring to [31mrule[39m them all, One Ring to
to [34mhelp[39m them,                             [31mfind[39m them,                            
                                       [41m[37m+[39;49m  [31mOne Ring to bring them all and in the[0m 
                                          [31mdarkness bind them[39m                    
In the Land of Mordor where the [34mLights[39m [41m[37m<>[39;49m In the Land of Mordor where the       
[34mshine[39m.                                    [31mShadows[39m [31mlie[39m.                          