[34mCeci est un test pour trouver une bonne façon             [0m [44m[37m-[39m[49m                                                           
[34m[39m[34mde représenter les diférences entre deux textes ou deux   [0m [44m[37m-[39m[49m                                                           
[34mchaînes                                                   [0m [41m[37m+[39m[49m [31mCeci est un test pour trouver une (très) bonne façon      [0m
[34m[39m                                                           [41m[37m+[39m[49m [31m[39m[31mde représenter les différences entre deux textes ou deux  [0m
                                                           = [31mchaînes                                                   [0m
de caractères.                                             [41m[37m+[39m[49m [31m[39mde caractères.                                            
                                                           [41m[37m+[39m[49m [31m                                                          [0m
                                                           [41m[37m+[39m[49m [31m[39m[31mIl s'agirait ensuite de l'inclure dans le package verify  [0m
                                                           = [31mpour obtenir                                              [0m
                                                           = [31m[39m[31mun outil de test.                                         [0m
Happy end.                                                   [31m[39m                                                          
                                                             Happy end.                                                
                                                                                                                       