{                                      =  {                                     
"title": "Alice's Adventures in        [41m[37m+[39;49m  "title": "Alice's Adventures in       
Wonderland[9m [29m[9m&[29m[9m [29m[9mThrough[29m[9m [29m[9mthe[0m                  Wonderland[31m [39m[31m&[39m[31m [39m[31mThrough[39m[31m [39m[31mthe[0m              
[9m[29m[9mLooking[29m[9m-[29m[9mglass[29m",                           [31m[39m[31mLooking[39m[31m-[39m[31mglass[39m",                       
"authors": [                           =  "authors": [                          
"Lewis Carroll"                        =  "Lewis Carroll"                       
],                                     =  ],                                    
"description": "This edition           [41m[37m+[39;49m  "description": "This edition          
contains Alice's Adventures in            contains Alice's Adventures in        
Wonderland[9m [29m[9mand[29m[9m [29m[9mits[29m[9m [29m[9msequel[29m[9m [29m[9mThrough[29m[9m [29m[9mthe[0m     Wonderland[31m [39m[31mand[39m[31m [39m[31mits[39m[31m [39m[31msequel[39m[31m [39m[31mThrough[39m[31m [39m[31mthe[0m 
[9m[29m[9mLooking[29m[9m [29m[9mGlass[29m. [9mIt[29m[9m [29m[9mis[29m[9m [29m[9millustrated[0m          [31m[39m[31mLooking[39m[31m [39m[31mGlass[39m. [31mIt[39m[31m [39m[31mis[39m[31m [39m[31millustrated[0m      
[9m[29m[9mthroughout[29m[9m [29m[9mby[29m[9m [29m[9mSir[29m[9m [29m[9mJohn[29m[9m [29m[9mTenniel[29m[9m,[29m[9m [29m[9mwhose[0m     [31m[39m[31mthroughout[39m[31m [39m[31mby[39m[31m [39m[31mSir[39m[31m [39m[31mJohn[39m[31m [39m[31mTenniel[39m[31m,[39m[31m [39m[31mwhose[0m 
[9m[29m[9mdrawings[29m[9m [29m[9mfor[29m[9m [29m[9mthe[29m[9m [29m[9mbooks[29m[9m [29m[9madd[29m[9m [29m[9mso[29m[9m [29m[9mmuch[29m[9m [29m[9mto[0m     [31m[39m[31mdrawings[39m[31m [39m[31mfor[39m[31m [39m[31mthe[39m[31m [39m[31mbooks[39m[31m [39m[31madd[39m[31m [39m[31mso[39m[31m [39m[31mmuch[39m[31m [39m[31mto[0m 
[9m[29m[9mthe[29m[9m [29m[9menjoyment[29m[9m [29m[9mof[29m[9m [29m[9mthem[29m[9m.[29m[9m [29mTweedledum and     [31m[39m[31mthe[39m[31m [39m[31menjoyment[39m[31m [39m[31mof[39m[31m [39m[31mthem[39m[31m.[39m[31m [39mTweedledum and 
Tweedledee, the Mad Hatter, the           Tweedledee, the Mad Hatter, the       
Cheshire Cat, the Red Queen and the       Cheshire Cat, the Red Queen and the   
White Rabbit all make their               White Rabbit all make their           
appearances, and are now familiar         appearances, and are now familiar     
figures in writing, conversation and      figures in writing, conversation and  
idiom[9m.[29m[9m [29m[9mSo[29m[9m [29m[9mtoo[29m[9m,[29m[9m [29m[9mare[29m[9m [29m[9mCarroll[29m[9m'[29m[9ms[0m              idiom[31m.[39m[31m [39m[31mSo[39m[31m [39m[31mtoo[39m[31m,[39m[31m [39m[31mare[39m[31m [39m[31mCarroll[39m[31m'[39m[31ms[0m          
[9m[29m[9mdelightful[29m[9m [29m[9mverses[29m[9m [29m[9msuch[29m[9m [29m[9mas[29m[9m [29m[9m'[29m[9mThe[29m[9m [29m[9mWalrus[0m     [31m[39m[31mdelightful[39m[31m [39m[31mverses[39m[31m [39m[31msuch[39m[31m [39m[31mas[39m[31m [39m[31m'[39m[31mThe[39m[31m [39m[31mWalrus[0m 
[9m[29m[9mand[29m[9m [29m[9mthe[29m[9m [29m[9mCarpenter[29m[9m'[29m[9m [29m[9mand[29m[9m [29m[9mthe[29m[9m [29m[9minspired[0m       [31m[39m[31mand[39m[31m [39m[31mthe[39m[31m [39m[31mCarpenter[39m[31m'[39m[31m [39m[31mand[39m[31m [39m[31mthe[39m[31m [39m[31minspired[0m   
[9m[29m[9mjargon[29m[9m [29m[9mof[29m[9m [29m[9mthat[29m[9m [29m[9mmasterly[29m[9m [29m[9mWordsworthian[0m     [31m[39m[31mjargon[39m[31m [39m[31mof[39m[31m [39m[31mthat[39m[31m [39m[31mmasterly[39m[31m [39m[31mWordsworthian[0m 
[9m[29m[9mparody[29m[9m,[29m[9m [29m[9m'[29m[9mThe[29m[9m [29m[9mJabberwocky[29m[9m'[29m.",              [31m[39m[31mparody[39m[31m,[39m[31m [39m[31m'[39m[31mThe[39m[31m [39m[31mJabberwocky[39m[31m'[39m.",          
"pageCount": [34m1[39m[34m3[39m[9m2[29m[9m7[29m2,                    [41m[37m<>[39;49m "pageCount": [9m1[29m[9m3[29m[31m2[39m[31m7[39m2,                   
[9m"categories": [[29m                        [41m[37m+[39;49m  [31m"categories": [[39m                       
[9m"Fiction"[29m                              [41m[37m+[39;49m  [31m"Fiction"[39m                             
[9m],[29m                                     [41m[37m+[39;49m  [31m],[39m                                    
[9m"averageRating": 4.0,[29m                  [41m[37m+[39;49m  [31m"averageRating": 4.0,[39m                 
"language": "[34mgb[39m[9men[29m",                    [41m[37m<>[39;49m "language": "[9mgb[29m[31men[39m",                   
}                                      =  }                                     