Three Rings for the Elven-kings under  =  Three Rings for the Elven-kings under 
the sky,                                  the sky,                              
Seven for the Dwarf-lords in their     =  Seven for the Dwarf-lords in their    
halls of stone,                           halls of stone,                       
Nine for Mortal Men doomed to die,     =  Nine for Mortal Men doomed to die,    
One for the [34mLight[39m[9mDark[29m Lord on his      [41m[37m<>[39m[49m One for the [9mLight[29m[31mDark[39m Lord on his     
[34mlight[39m[9mdark[29m throne                          [9mlight[29m[31mdark[39m throne                      
In the Land of Mordor where the        [41m[37m<>[39m[49m In the Land of Mordor where the       
[34mLights[39m[9mShadows[29m [34mshine[39m[9mlie[29m.                   [9mLights[29m[31mShadows[39m [9mshine[29m[31mlie[39m.               
One Ring to [34mserve[39m[9mrule[29m them all, One    [41m[37m<>[39m[49m One Ring to [9mserve[29m[31mrule[39m them all, One   
Ring to [34mhelp[39m[9mfind[29m them,                    Ring to [9mhelp[29m[31mfind[39m them,                
[9mOne Ring to bring them all and in the [0m [41m[37m+[39m[49m  [31mOne Ring to bring them all and in the [0m
[9mdarkness bind them[0m                        [31mdarkness bind them[0m                    
In the Land of Mordor where the        [41m[37m<>[39m[49m In the Land of Mordor where the       
[34mLights[39m[9mShadows[29m [34mshine[39m[9mlie[29m.                   [9mLights[29m[31mShadows[39m [9mshine[29m[31mlie[39m.               