Ceci est un test pour trouver une[0m      [41m[37m+[39;49m  Ceci est un test pour trouver une[0m     
[9m([29m[9mtrès[29m[9m)[29m[9m [29mbonne façon                        [31m([39m[31mtrès[39m[31m)[39m[31m [39mbonne façon                    
de représenter les[0m                     [41m[37m<>[39;49m de représenter les[0m                    
[34mdiférences[39m[9mdifférences[29m entre deux          [9mdiférences[29m[31mdifférences[39m entre deux      
textes ou deux chaînes                    textes ou deux chaînes                
de caractères.                         =  de caractères.                        
                                       [41m[37m+[39;49m                                        
[9mIl s'agirait ensuite de l'inclure dans[0m [41m[37m+[39;49m  [31mIl s'agirait ensuite de l'inclure dans[0m
[9mle package verify pour obtenir[29m            [31mle package verify pour obtenir[39m        
[9mun outil de test.[29m                      [41m[37m+[39;49m  [31mun outil de test.[39m                     
                                       =                                        
Happy end.                             =  Happy end.                            