Introduction
This small piece of text aims at demonstrating and testing package 'style'.
It is writen by a non-native English speaker, so pardon any faults.
Examples of available styles
Demonstrating common formatting
Section Introduction already demonstrates useful styles from package 'styles', this section completes them with most of the others possibilities.
Notably, package style can print in red or green bold (if chosen style supports it).
Several levels of tabulations can be used:
(Level 1) Lorem ipsum dolor sit amet, consectetur adipiscing elit, sed do eiusmod tempor incididunt ut labore et dolore magna aliqua.
(Level 2) Ut enim ad minim veniam, quis nostrud exercitation ullamco laboris nisi ut aliquip ex ea commodo consequat. Duis aute irure dolor in reprehenderit in voluptate velit esse cillum dolore eu fugiat nulla pariatur.
(Level 4) Excepteur sint occaecat cupidatat non proident, sunt in culpa qui officia deserunt mollit anim id est laborum.
Demonstrating lists
It also knows how to format lists: 
- This very long and detailed sentence is here to demonstrate that list can be formatted and wrapped. It should hopefully be so long that it will not fulfill the maximum number of authorized chars per line is reached.
- It also can support sub-lists:
* Lorem ipsum dolor sit amet, consectetur adipiscing elit, sed do eiusmod tempor incididunt ut labore et dolore magna aliqua.
* Ut enim ad minim veniam, quis nostrud exercitation ullamco laboris nisi ut aliquip ex ea commodo consequat. Duis aute irure dolor in reprehenderit in voluptate velit esse cillum dolore eu fugiat nulla pariatur.
* Excepteur sint occaecat cupidatat non proident, sunt in culpa qui officia deserunt mollit anim id est laborum.
- It is also possible to have a list's item that contains several paragraphs
For example, this paragraph that I made artificially long to verify that wrapping is working correctly inside list
It also knows how to define terms:
style: A particular procedure by which something is done; a manner or way.
Even using Tabs:
lorem ipsum: Lorem ipsum dolor sit amet, consectetur adipiscing elit, sed do eiusmod tempor incididunt ut labore et dolore magna aliqua. Ut enim ad minim veniam, quis nostrud exercitation ullamco laboris nisi ut aliquip ex ea commodo consequat. Duis aute irure dolor in reprehenderit in voluptate velit esse cillum dolore eu fugiat nulla pariatur. Excepteur sint occaecat cupidatat non proident, sunt in culpa qui officia deserunt mollit anim id est laborum.
Demonstrating tables
Package 'style' supports drawing tables for most basic cases. Using Tab to align tables should be done carefully as table way to guess optimum columns size does not take into account the tabulation
Column1 | Column2 | Column3
Basic column | This one is here
to demonstrate
that colums with several lines work too | Last but not least shows formating within the table
 | This second row is here to test multi-lines rows format | Also possibly a good opportunity to check escaping *sequence*It is also possible to use tabs with tables:
Column1 | Column2 | Column3
Basic column | This one is here
to demonstrate
that colums with several lines work too | Last but not least shows formating within the table
 | This second row is here to test multi-lines rows format | Also possibly a good opportunity to check escaping *sequence*