
.SH INTRODUCTION
.PP
This small piece of text aims at demonstrating and testing my styling package 'style'.
.PP
It is writen by a \fBnon\-native\fP English speaker, so pardon any faults

.SH AVAILABLE STYLES
.PP
Section Introduction already demonstrates useful styles Styles, this section completes with most of the others possibilities.
.PP
Notably, package 'style' can print in red or \fBbold green\fP.
.PP
It also knows how to format \fIlists\fP:
.RS
this very long and detailed sentence is here to demonstrate that list can be formatted and wrapped because it hopefully be so long that it will not fulfill the maximum number of authorized char per lines is reached.
.RE
.RS
It is also possible to check that paragraph inside lists are respected.
As you can see here in this simple example.
.RE
.PP
It also knows how to \fIdefine\fP terms:

.TP
style
A particular procedure by which something is done; a manner or way.
