.TH TEST OF PACKAGE 'GITHUB.COM/PIRMD/CLI/STYLE'2019.07.09

.SH Introduction
.PP
This small piece of text aims at demonstrating and testing package 'style'.
.PP
It is writen by a \fBnon-native\fP English speaker, so pardon any faults.
.PP
All details can be found in \fIhttps://godoc.org/github.com/pirmd/cli/style\fP

.SH Examples of available styles

.SS Demonstrating common formatting
.PP
Section Introduction already demonstrates useful styles from package 'styles', this section completes them with most of the others possibilities.
.PP
Notably, package style can print in red or \fBgreen bold\fP (if chosen style supports it).
.PP
Several levels of tabulations can be used:
.RS 4
.PP
(Level 1) Lorem ipsum dolor sit amet, consectetur adipiscing elit, sed do eiusmod tempor incididunt ut labore et dolore magna aliqua.
.RE
.RS 8
.PP
(Level 2) Ut enim ad minim veniam, quis nostrud exercitation ullamco laboris nisi ut aliquip ex ea commodo consequat. Duis aute irure dolor in reprehenderit in voluptate velit esse cillum dolore eu fugiat nulla pariatur.
.RE
.RS 16
.PP
(Level 4) Excepteur sint occaecat cupidatat non proident, sunt in culpa qui officia deserunt mollit anim id est laborum.
.RE

.SS Demonstrating lists
.PP
It knows how to format \fIlists\fP: 
.RS 0
.TP 4
⁃ 
This very long and detailed sentence is here to demonstrate that list can be formatted and wrapped. It should hopefully be so long that it will not fulfill the maximum number of authorized chars per line is reached.

.TP 4
⁃ 
It also can support sub-lists:

.RS 4
.TP 4
• 
Lorem ipsum dolor sit amet, consectetur adipiscing elit, sed do eiusmod tempor incididunt ut labore et dolore magna aliqua.

.TP 4
• 
Ut enim ad minim veniam, quis nostrud exercitation ullamco laboris nisi ut aliquip ex ea commodo consequat. Duis aute irure dolor in reprehenderit in voluptate velit esse cillum dolore eu fugiat nulla pariatur.

.TP 4
• 
Excepteur sint occaecat cupidatat non proident, sunt in culpa qui officia deserunt mollit anim id est laborum.

.RE

.TP 4
⁃ 
It is also possible to have a list's item that contains several paragraphs.

.PP
For example, this paragraph that I made artificially long to verify that wrapping is working correctly inside list

.RE
.PP
It can build \fBordered \fIlists\fP\fP: 
.RS 4
.TP 3
1. 
This very long and detailed sentence is here to demonstrate that list can be formatted and wrapped. It should hopefully be so long that it will not fulfill the maximum number of authorized chars per line is reached.

.TP 3
2. 
It also can support sub-lists:

.RS 8
.TP 3
1. 
Lorem ipsum dolor sit amet, consectetur adipiscing elit, sed do eiusmod tempor incididunt ut labore et dolore magna aliqua.

.TP 3
2. 
Ut enim ad minim veniam, quis nostrud exercitation ullamco laboris nisi ut aliquip ex ea commodo consequat. Duis aute irure dolor in reprehenderit in voluptate velit esse cillum dolore eu fugiat nulla pariatur.

.TP 3
3. 
Excepteur sint occaecat cupidatat non proident, sunt in culpa qui officia deserunt mollit anim id est laborum.

.RE

.TP 4
• 
It is also possible to mix with bullet list if you really want to.

.RE
.PP
It also knows how to \fIdefine\fP terms:
.TP
\fBstyle\fP
A particular procedure by which something is done; a manner or way.
.PP
Even using Tabs:
.TP
\fBlorem ipsum\fP
Lorem ipsum dolor sit amet, consectetur adipiscing elit, sed do eiusmod tempor incididunt ut labore et dolore magna aliqua. Ut enim ad minim veniam, quis nostrud exercitation ullamco laboris nisi ut aliquip ex ea commodo consequat. Duis aute irure dolor in reprehenderit in voluptate velit esse cillum dolore eu fugiat nulla pariatur. Excepteur sint occaecat cupidatat non proident, sunt in culpa qui officia deserunt mollit anim id est laborum.

.SS Demonstrating tables
.PP
Package 'style' supports drawing tables for most basic cases. Using Tab to align tables should be done carefully as table way to guess optimum columns size does not take into account the tabulation
.TS
allbox;
lx lx lx.
T{
Column1
T}	T{
Column2
T}	T{
Column3
T}
T{
Basic column
T}	T{
This one is here
to demonstrate
that colums with several lines work too
T}	T{
Last but not least shows \fBformating\fP within the table
T}
T{

T}	T{
This second row is here to test multi-lines rows format
T}	T{
Also possibly a good opportunity to check escaping *sequence*
T}
.TE
.PP
It is also possible to use tabs with tables:
.TS
allbox;
lx lx lx.
T{
Column1
T}	T{
Column2
T}	T{
Column3
T}
T{
Basic column
T}	T{
This one is here
to demonstrate
that colums with several lines work too
T}	T{
Last but not least shows \fBformating\fP within the table
T}
T{

T}	T{
This second row is here to test multi-lines rows format
T}	T{
Also possibly a good opportunity to check escaping *sequence*
T}
.TE
