.Sh INTRODUCTION
.Pp
This small piece of text aims at demonstrating and testing my styling package 'style'.
.Pp
It is writen by a \fBnon\-native\fP English speaker, so pardon any faults.

.Sh EXAMPLES OF AVAILABLE STYLES

.Ss Demonstrating Common Formatting
.Pp
Section Introduction already demonstrates useful styles from package 'styles', this section completes them with most of the others possibilities.
.Pp
Notably, package 'style' can print in red or \fBbold green\fP (if chosen style supports it).
.Pp
Several levels of tabulations can be used:
.Bd -ragged -offset indent
.Pp
(Level 1) Lorem ipsum dolor sit amet, consectetur adipiscing elit, sed do eiusmod tempor incididunt ut labore et dolore magna aliqua.

.Ed
.Bd -ragged -offset indentindent
.Pp
(Level 2) Ut enim ad minim veniam, quis nostrud exercitation ullamco laboris nisi ut aliquip ex ea commodo consequat. Duis aute irure dolor in reprehenderit in voluptate velit esse cillum dolore eu fugiat nulla pariatur.

.Ed
.Bd -ragged -offset indentindentindentindent
.Pp
(Level 4) Excepteur sint occaecat cupidatat non proident, sunt in culpa qui officia deserunt mollit anim id est laborum.

.Ed

.Ss Demonstrating Lists
.Pp
It also knows how to format \fIlists\fP:

.Bl -dash 
.It
This very long and detailed sentence is here to demonstrate that list can be formatted and wrapped. It should hopefully be so long that it will not fulfill the maximum number of authorized chars per line is reached.

.It
It also can support sub\-lists:

.Bl -bullet 
.It
Lorem ipsum dolor sit amet, consectetur adipiscing elit, sed do eiusmod tempor incididunt ut labore et dolore magna aliqua.

.It
Ut enim ad minim veniam, quis nostrud exercitation ullamco laboris nisi ut aliquip ex ea commodo consequat. Duis aute irure dolor in reprehenderit in voluptate velit esse cillum dolore eu fugiat nulla pariatur.

.It
Excepteur sint occaecat cupidatat non proident, sunt in culpa qui officia deserunt mollit anim id est laborum.
.El

.It
It is also possible to have a list's item that contains several paragraphs
.Pp
For example, this paragraph that I made artificially long to verify that wrapping is working correctly inside list

.El
.Pp
It also knows how to \fIdefine\fP terms:

.Bl -tag
.It \fBstyle\fP
A particular procedure by which something is done; a manner or way.
.El

.Bl -tag
.It \fBlorem ipsum\fP
Lorem ipsum dolor sit amet, consectetur adipiscing elit, sed do eiusmod tempor incididunt ut labore et dolore magna aliqua. Ut enim ad minim veniam, quis nostrud exercitation ullamco laboris nisi ut aliquip ex ea commodo consequat. Duis aute irure dolor in reprehenderit in voluptate velit esse cillum dolore eu fugiat nulla pariatur. Excepteur sint occaecat cupidatat non proident, sunt in culpa qui officia deserunt mollit anim id est laborum.
.El

.Ss Demonstrating Tables
.Pp
Package 'style' supports drawing tables for most basic cases. Using Tab to align tables should be done carefully as table way to guess optimum columns size does not take into account the tabulation

.TS
allbox;
lx lx lx.
T{
Column1
T}	T{
Column2
T}	T{
Column3
T}
T{
Basic column
T}	T{
This one is here
to demonstrate
that colums with several lines work too
T}	T{
Last but not least shows \fBformating\fP within the table
T}
T{

T}	T{
This second row is here to test multi\-lines rows format
T}	T{
Also possibly a good opportunity to check escaping *sequence*
T}
.TE
