[34mWhatever goes upon two legs is an     [0m [44m[37m-[39m[49m                                       
[34menemy.                                [0m                                         
[34mWhatever goes upon four legs, or has  [0m [44m[37m-[39m[49m                                       
[34mwings, is a friend.                   [0m                                         
[34mNo animal shall wear clothes.         [0m [44m[37m-[39m[49m                                       
[34mNo animal shall sleep in a bed.       [0m [44m[37m-[39m[49m                                       
[34mNo animal shall drink alcohol.        [0m [44m[37m-[39m[49m                                       
[34mNo animal shall kill any other animal.[0m [44m[37m-[39m[49m                                       
[34mAll animals are equal.                [0m [44m[37m-[39m[49m                                       
                                       [41m[37m+[39m[49m [31mFour legs good, two legs better.      [0m
                                       [41m[37m+[39m[49m [31mNo animal shall sleep in a bed without[0m
                                         [31msheets.                               [0m
                                       [41m[37m+[39m[49m [31mNo animal shall drink alcohol to      [0m
                                         [31mexcess.                               [0m
                                       [41m[37m+[39m[49m [31mNo animal shall kill any other animal [0m
                                         [31mwithout cause.                        [0m
                                       [41m[37m+[39m[49m [31mAll animals are equal but some are    [0m
                                         [31mmore equal than others.               [0m