Three Rings for the Elven-kings under the sky,     = Three Rings for the Elven-kings under the sky,          
Seven for the Dwarf-lords in their halls of stone, = Seven for the Dwarf-lords in their halls of stone,      
Nine for Mortal Men doomed to die,                 = Nine for Mortal Men doomed to die,                      
[34mOne for the Light Lord on his light throne        [0m [44m[37m-[39m[49m                                                         
[34m[39m[34mIn the Land of Mordor where the Lights shine.     [0m [44m[37m-[39m[49m                                                         
[34m[39m[34mOne Ring to serve them all, One Ring to help them,[0m [44m[37m-[39m[49m                                                         
[34m[39m[34mIn the Land of Mordor where the Lights shine.     [0m [44m[37m-[39m[49m                                                         
[34m[39m                                                   [41m[37m+[39m[49m [31mOne for the Dark Lord on his dark throne                [0m
                                                   [41m[37m+[39m[49m [31m[39m[31mIn the Land of Mordor where the Shadows lie.            [0m
                                                   [41m[37m+[39m[49m [31m[39m[31mOne Ring to rule them all, One Ring to find them,       [0m
                                                   [41m[37m+[39m[49m [31m[39m[31mOne Ring to bring them all and in the darkness bind them[0m
                                                   [41m[37m+[39m[49m [31m[39m[31mIn the Land of Mordor where the Shadows lie.            [0m
                                                                                                             