Three Rings for the Elven-kings under  = Three Rings for the Elven-kings under 
the sky,                                 the sky,                              
Seven for the Dwarf-lords in their     = Seven for the Dwarf-lords in their    
halls of stone,                          halls of stone,                       
Nine for Mortal Men doomed to die,     = Nine for Mortal Men doomed to die,    
[34mOne for the Light Lord on his light [0m   [44m[37m-[39m[49m                                       
[34mthrone[0m                                                                         
[34mIn the Land of Mordor where the Lights[0m [44m[37m-[39m[49m                                       
[34mshine.[0m                                                                         
[34mOne Ring to serve them all, One Ring [0m  [44m[37m-[39m[49m                                       
[34mto help them,[0m                                                                  
[34mIn the Land of Mordor where the Lights[0m [44m[37m-[39m[49m                                       
[34mshine.[39m                                                                         
                                       [41m[37m+[39m[49m [31mOne for the Dark Lord on his dark [0m    
                                         [31mthrone[0m                                
                                       [41m[37m+[39m[49m [31mIn the Land of Mordor where the [0m      
                                         [31mShadows lie.[0m                          
                                       [41m[37m+[39m[49m [31mOne Ring to rule them all, One Ring to[0m
                                         [31mfind them,[0m                            
                                       [41m[37m+[39m[49m [31mOne Ring to bring them all and in the [0m
                                         [31mdarkness bind them[0m                    
                                       [41m[37m+[39m[49m [31mIn the Land of Mordor where the [0m      
                                         [31mShadows lie.[39m                          